// Jest Snapshot v1, https://goo.gl/fbAQLP

exports[`<Project/> Snapshot matches 1`] = `
Object {
  "asFragment": [Function],
  "baseElement": <body>
    <div>
      <div
        class="sc-fzoiQi cFWRbC"
      >
        <h4
          class="sc-fzqARJ eurAtz"
        >
          Portfolio
        </h4>
        <img
          alt="Portfolio"
          class="sc-fzqNqU ganvPH"
          src="https://via.placeholder.com/150"
        />
        <p
          class="sc-fzpjYC eJEkNF"
        >
          Portfolio website
        </p>
        <div
          class="sc-fzoyTs eNtAnY"
        >
          <a
            class="sc-fznWqX kKWfFq"
            href="www.github.com/seanmcquaid"
            target="blank"
          >
            Github
          </a>
        </div>
      </div>
    </div>
  </body>,
  "container": <div>
    <div
      class="sc-fzoiQi cFWRbC"
    >
      <h4
        class="sc-fzqARJ eurAtz"
      >
        Portfolio
      </h4>
      <img
        alt="Portfolio"
        class="sc-fzqNqU ganvPH"
        src="https://via.placeholder.com/150"
      />
      <p
        class="sc-fzpjYC eJEkNF"
      >
        Portfolio website
      </p>
      <div
        class="sc-fzoyTs eNtAnY"
      >
        <a
          class="sc-fznWqX kKWfFq"
          href="www.github.com/seanmcquaid"
          target="blank"
        >
          Github
        </a>
      </div>
    </div>
  </div>,
  "debug": [Function],
  "findAllByAltText": [Function],
  "findAllByDisplayValue": [Function],
  "findAllByLabelText": [Function],
  "findAllByPlaceholderText": [Function],
  "findAllByRole": [Function],
  "findAllByTestId": [Function],
  "findAllByText": [Function],
  "findAllByTitle": [Function],
  "findByAltText": [Function],
  "findByDisplayValue": [Function],
  "findByLabelText": [Function],
  "findByPlaceholderText": [Function],
  "findByRole": [Function],
  "findByTestId": [Function],
  "findByText": [Function],
  "findByTitle": [Function],
  "getAllByAltText": [Function],
  "getAllByDisplayValue": [Function],
  "getAllByLabelText": [Function],
  "getAllByPlaceholderText": [Function],
  "getAllByRole": [Function],
  "getAllByTestId": [Function],
  "getAllByText": [Function],
  "getAllByTitle": [Function],
  "getByAltText": [Function],
  "getByDisplayValue": [Function],
  "getByLabelText": [Function],
  "getByPlaceholderText": [Function],
  "getByRole": [Function],
  "getByTestId": [Function],
  "getByText": [Function],
  "getByTitle": [Function],
  "queryAllByAltText": [Function],
  "queryAllByDisplayValue": [Function],
  "queryAllByLabelText": [Function],
  "queryAllByPlaceholderText": [Function],
  "queryAllByRole": [Function],
  "queryAllByTestId": [Function],
  "queryAllByText": [Function],
  "queryAllByTitle": [Function],
  "queryByAltText": [Function],
  "queryByDisplayValue": [Function],
  "queryByLabelText": [Function],
  "queryByPlaceholderText": [Function],
  "queryByRole": [Function],
  "queryByTestId": [Function],
  "queryByText": [Function],
  "queryByTitle": [Function],
  "rerender": [Function],
  "unmount": [Function],
}
`;
