// Jest Snapshot v1, https://goo.gl/fbAQLP

exports[`<Home/> Matches snapshot 1`] = `
Object {
  "asFragment": [Function],
  "baseElement": <body>
    <div>
      <div
        class="sc-fznxKY eHJZTz"
        data-testid="homePage"
        id="homePage"
      >
        <div
          class="sc-fznMAR kKViZT"
        >
          <h1
            class="sc-fznxsB hbwhCu"
            data-testid="skillsPageHeader"
            id="homePageHeader"
          >
            Hello, I am Sean!
          </h1>
          <h2
            class="sc-fznJRM kvSjGo"
            data-testid="homePageSubHeader"
            id="homePageSubHeader"
          >
            Software Engineer, Front End Web Developer, Jazz Musician
             
          </h2>
          <div
            class="sc-fzolEj diimyf"
          >
            <a
              class="sc-fznWqX cGYnCm"
              data-testid="Contact MeLinkButton"
              href="#/contact"
              title="Contact Me Link"
            >
              Contact Me
            </a>
            <a
              class="sc-fzoyTs iMVHXP"
              href="https://www.musicianthatcodes.com/"
              target="blank"
            >
              My Blog
            </a>
          </div>
        </div>
        <div
          class="sc-fznWOq hFvLXZ"
        >
          <img
            alt="headshotImage"
            class="sc-fzqARJ iafsoq"
            data-testid="headshotImage"
            id="headshotImage"
            src="headshot.jp2"
          />
        </div>
      </div>
    </div>
  </body>,
  "container": <div>
    <div
      class="sc-fznxKY eHJZTz"
      data-testid="homePage"
      id="homePage"
    >
      <div
        class="sc-fznMAR kKViZT"
      >
        <h1
          class="sc-fznxsB hbwhCu"
          data-testid="skillsPageHeader"
          id="homePageHeader"
        >
          Hello, I am Sean!
        </h1>
        <h2
          class="sc-fznJRM kvSjGo"
          data-testid="homePageSubHeader"
          id="homePageSubHeader"
        >
          Software Engineer, Front End Web Developer, Jazz Musician
           
        </h2>
        <div
          class="sc-fzolEj diimyf"
        >
          <a
            class="sc-fznWqX cGYnCm"
            data-testid="Contact MeLinkButton"
            href="#/contact"
            title="Contact Me Link"
          >
            Contact Me
          </a>
          <a
            class="sc-fzoyTs iMVHXP"
            href="https://www.musicianthatcodes.com/"
            target="blank"
          >
            My Blog
          </a>
        </div>
      </div>
      <div
        class="sc-fznWOq hFvLXZ"
      >
        <img
          alt="headshotImage"
          class="sc-fzqARJ iafsoq"
          data-testid="headshotImage"
          id="headshotImage"
          src="headshot.jp2"
        />
      </div>
    </div>
  </div>,
  "debug": [Function],
  "findAllByAltText": [Function],
  "findAllByDisplayValue": [Function],
  "findAllByLabelText": [Function],
  "findAllByPlaceholderText": [Function],
  "findAllByRole": [Function],
  "findAllByTestId": [Function],
  "findAllByText": [Function],
  "findAllByTitle": [Function],
  "findByAltText": [Function],
  "findByDisplayValue": [Function],
  "findByLabelText": [Function],
  "findByPlaceholderText": [Function],
  "findByRole": [Function],
  "findByTestId": [Function],
  "findByText": [Function],
  "findByTitle": [Function],
  "getAllByAltText": [Function],
  "getAllByDisplayValue": [Function],
  "getAllByLabelText": [Function],
  "getAllByPlaceholderText": [Function],
  "getAllByRole": [Function],
  "getAllByTestId": [Function],
  "getAllByText": [Function],
  "getAllByTitle": [Function],
  "getByAltText": [Function],
  "getByDisplayValue": [Function],
  "getByLabelText": [Function],
  "getByPlaceholderText": [Function],
  "getByRole": [Function],
  "getByTestId": [Function],
  "getByText": [Function],
  "getByTitle": [Function],
  "queryAllByAltText": [Function],
  "queryAllByDisplayValue": [Function],
  "queryAllByLabelText": [Function],
  "queryAllByPlaceholderText": [Function],
  "queryAllByRole": [Function],
  "queryAllByTestId": [Function],
  "queryAllByText": [Function],
  "queryAllByTitle": [Function],
  "queryByAltText": [Function],
  "queryByDisplayValue": [Function],
  "queryByLabelText": [Function],
  "queryByPlaceholderText": [Function],
  "queryByRole": [Function],
  "queryByTestId": [Function],
  "queryByText": [Function],
  "queryByTitle": [Function],
  "rerender": [Function],
  "unmount": [Function],
}
`;
